// Jest Snapshot v1, https://goo.gl/fbAQLP

exports[`Component matches snapshot 1`] = `
<div>
  <div
    class="summary-container"
    data-testid="parkingFineSummary"
  >
    <div
      class="Card-module_card__1WbKx card_hds-card--border__c2dBc vehicle-details-container"
      role="region"
    >
      <div
        class="TextInput-module_root__2CMNr text-input_hds-text-input__2LODq"
      >
        <label
          class="FieldLabel-module_label__1zrXK "
          for="regNumber"
        >
          Ajoneuvon rekisteritunnus
        </label>
        <div
          class="TextInput-module_inputWrapper__3Rvel text-input_hds-text-input__input-wrapper__1OqYG"
        >
          <input
            class="TextInput-module_input__1BlHi text-input_hds-text-input__input__GJm5C"
            id="regNumber"
            readonly=""
            type="text"
            value="Esim. ABC-123"
          />
        </div>
      </div>
      <div
        class="TextInput-module_root__2CMNr text-input_hds-text-input__2LODq"
      >
        <label
          class="FieldLabel-module_label__1zrXK "
          for="vehicleType"
        >
          Ajoneuvolaji
        </label>
        <div
          class="TextInput-module_inputWrapper__3Rvel text-input_hds-text-input__input-wrapper__1OqYG"
        >
          <input
            class="TextInput-module_input__1BlHi text-input_hds-text-input__input__GJm5C"
            id="vehicleType"
            readonly=""
            type="text"
            value="Henkilöauto M1"
          />
        </div>
      </div>
      <div
        class="TextInput-module_root__2CMNr text-input_hds-text-input__2LODq"
      >
        <label
          class="FieldLabel-module_label__1zrXK "
          for="vehicleBrand"
        >
          Merkki
        </label>
        <div
          class="TextInput-module_inputWrapper__3Rvel text-input_hds-text-input__input-wrapper__1OqYG"
        >
          <input
            class="TextInput-module_input__1BlHi text-input_hds-text-input__input__GJm5C"
            id="vehicleBrand"
            readonly=""
            type="text"
            value="Citroen"
          />
        </div>
      </div>
      <div
        class="TextInput-module_root__2CMNr text-input_hds-text-input__2LODq"
      >
        <label
          class="FieldLabel-module_label__1zrXK "
          for="vehicleModel"
        >
          Malli
        </label>
        <div
          class="TextInput-module_inputWrapper__3Rvel text-input_hds-text-input__input-wrapper__1OqYG"
        >
          <input
            class="TextInput-module_input__1BlHi text-input_hds-text-input__input__GJm5C"
            id="vehicleModel"
            readonly=""
            type="text"
            value="2D C2 HATCHBACK 1.4l-JMKFVC/232"
          />
        </div>
      </div>
      <div
        class="TextInput-module_root__2CMNr text-input_hds-text-input__2LODq"
      >
        <label
          class="FieldLabel-module_label__1zrXK "
          for="vehicleColor"
        >
          Väri
        </label>
        <div
          class="TextInput-module_inputWrapper__3Rvel text-input_hds-text-input__input-wrapper__1OqYG"
        >
          <input
            class="TextInput-module_input__1BlHi text-input_hds-text-input__input__GJm5C"
            id="vehicleColor"
            readonly=""
            type="text"
            value="Punainen"
          />
        </div>
      </div>
    </div>
    <div
      class="TextInput-module_root__2CMNr text-input_hds-text-input__2LODq info-field"
    >
      <label
        class="FieldLabel-module_label__1zrXK "
        for="fineTimeStamp"
      >
        Virheen ajankohta
      </label>
      <div
        class="TextInput-module_inputWrapper__3Rvel text-input_hds-text-input__input-wrapper__1OqYG"
      >
        <input
          class="TextInput-module_input__1BlHi text-input_hds-text-input__input__GJm5C"
          id="fineTimeStamp"
          readonly=""
          type="text"
          value="1.11.2019 09:41 - 1.11.2019 09:43"
        />
      </div>
    </div>
    <div
      class="TextInput-module_root__2CMNr text-input_hds-text-input__2LODq info-field"
    >
      <label
        class="FieldLabel-module_label__1zrXK "
        for="refNumber"
      >
        Asianumero
      </label>
      <div
        class="TextInput-module_inputWrapper__3Rvel text-input_hds-text-input__input-wrapper__1OqYG"
      >
        <input
          class="TextInput-module_input__1BlHi text-input_hds-text-input__input__GJm5C"
          id="refNumber"
          readonly=""
          type="text"
          value="Esim. 12345678"
        />
      </div>
    </div>
    <div
      class="TextInput-module_root__2CMNr text-input_hds-text-input__2LODq info-field"
    >
      <label
        class="FieldLabel-module_label__1zrXK "
        for="address"
      >
        Osoite
      </label>
      <div
        class="TextInput-module_inputWrapper__3Rvel text-input_hds-text-input__input-wrapper__1OqYG"
      >
        <input
          class="TextInput-module_input__1BlHi text-input_hds-text-input__input__GJm5C"
          id="address"
          readonly=""
          type="text"
          value="Näkinkuja 1c"
        />
      </div>
    </div>
    <div
      class="TextInput-module_root__2CMNr text-input_hds-text-input__2LODq info-field"
    >
      <label
        class="FieldLabel-module_label__1zrXK "
        for="additionalDetails"
      >
        Lisätietoja
      </label>
      <div
        class="TextInput-module_inputWrapper__3Rvel text-input_hds-text-input__input-wrapper__1OqYG"
      >
        <input
          class="TextInput-module_input__1BlHi text-input_hds-text-input__input__GJm5C"
          id="additionalDetails"
          readonly=""
          type="text"
          value="Kääntymispaikka"
        />
      </div>
    </div>
    <div
      class="TextInput-module_root__2CMNr text-input_hds-text-input__2LODq info-field"
    >
      <label
        class="FieldLabel-module_label__1zrXK "
        for="fineTitle-1"
      >
        Virhe
      </label>
      <div
        class="TextInput-module_inputWrapper__3Rvel text-input_hds-text-input__input-wrapper__1OqYG"
      >
        <textarea
          class="TextInput-module_input__1BlHi text-input_hds-text-input__input__GJm5C"
          id="fineTitle-1"
          readonly=""
        >
          Pysäköinti kielletty liikennemerkin noudattamatta jättäminen. TLL 3 § 1 mom, TL 16 § merkki 372
        </textarea>
      </div>
    </div>
    <div
      class="TextInput-module_root__2CMNr text-input_hds-text-input__2LODq info-field"
    >
      <label
        class="FieldLabel-module_label__1zrXK "
        for="fineDetails-1"
      >
        Lisätieto
      </label>
      <div
        class="TextInput-module_inputWrapper__3Rvel text-input_hds-text-input__input-wrapper__1OqYG"
      >
        <input
          class="TextInput-module_input__1BlHi text-input_hds-text-input__input__GJm5C"
          id="fineDetails-1"
          readonly=""
          type="text"
          value="Liikennemerkistä n. 3 m"
        />
      </div>
    </div>
    <div
      class="TextInput-module_root__2CMNr text-input_hds-text-input__2LODq info-field"
    >
      <label
        class="FieldLabel-module_label__1zrXK "
        for="fineTitle-2"
      >
        Virhe
      </label>
      <div
        class="TextInput-module_inputWrapper__3Rvel text-input_hds-text-input__input-wrapper__1OqYG"
      >
        <textarea
          class="TextInput-module_input__1BlHi text-input_hds-text-input__input__GJm5C"
          id="fineTitle-2"
          readonly=""
        >
          Pysäköinti kielletty liikennemerkin noudattamatta jättäminen. TLL 3 § 1 mom, TL 16 § merkki 372
        </textarea>
      </div>
    </div>
    <div
      class="TextInput-module_root__2CMNr text-input_hds-text-input__2LODq info-field"
    >
      <label
        class="FieldLabel-module_label__1zrXK "
        for="fineDetails-2"
      >
        Lisätieto
      </label>
      <div
        class="TextInput-module_inputWrapper__3Rvel text-input_hds-text-input__input-wrapper__1OqYG"
      >
        <input
          class="TextInput-module_input__1BlHi text-input_hds-text-input__input__GJm5C"
          id="fineDetails-2"
          readonly=""
          type="text"
          value="Liikennemerkistä n. 3 m"
        />
      </div>
    </div>
    <div
      class="TextInput-module_root__2CMNr text-input_hds-text-input__2LODq wide-field"
    >
      <label
        class="FieldLabel-module_label__1zrXK "
        for="fineAdditionalDetails"
      >
        Pysäköintivirheen lisätiedot
      </label>
      <div
        class="TextInput-module_inputWrapper__3Rvel text-input_hds-text-input__input-wrapper__1OqYG"
      >
        <textarea
          class="TextInput-module_input__1BlHi text-input_hds-text-input__input__GJm5C"
          id="fineAdditionalDetails"
          readonly=""
        >
          Lyökämme käsi kätehen, sormet sormien lomahan, lauloaksemme hyviä, parahia pannaksemme, kuulla noien kultaisien, tietä mielitehtoisien, nuorisossa nousevassa, kansassa kasuavassa: noita saamia sanoja, virsiä virittämiä vyöltä vanhan Väinämöisen, alta ahjon Ilmarisen, päästä kalvan Kaukomielen. 294 merkkiä
        </textarea>
      </div>
    </div>
    <div
      class="TextInput-module_root__2CMNr text-input_hds-text-input__2LODq info-field"
    >
      <label
        class="FieldLabel-module_label__1zrXK "
        for="sum"
      >
        Pysäköintivirhemaksun summa
      </label>
      <div
        class="TextInput-module_inputWrapper__3Rvel text-input_hds-text-input__input-wrapper__1OqYG"
      >
        <input
          class="TextInput-module_input__1BlHi text-input_hds-text-input__input__GJm5C"
          id="sum"
          readonly=""
          type="text"
          value="80,00 EUR"
        />
      </div>
    </div>
    <div
      class="TextInput-module_root__2CMNr text-input_hds-text-input__2LODq info-field"
    >
      <label
        class="FieldLabel-module_label__1zrXK "
        for="dueDate"
      >
        Eräpäivä
      </label>
      <div
        class="TextInput-module_inputWrapper__3Rvel text-input_hds-text-input__input-wrapper__1OqYG"
      >
        <input
          class="TextInput-module_input__1BlHi text-input_hds-text-input__input__GJm5C"
          id="dueDate"
          readonly=""
          type="text"
          value="2.12.2019"
        />
      </div>
    </div>
  </div>
  <div
    class="barcode-container"
  >
    <div
      class="TextInput-module_root__2CMNr text-input_hds-text-input__2LODq"
    >
      <label
        class="FieldLabel-module_label__1zrXK "
        for="barCode"
      >
        Virtuaaliviivakoodi
      </label>
      <div
        class="TextInput-module_inputWrapper__3Rvel text-input_hds-text-input__input-wrapper__1OqYG"
      >
        <input
          class="TextInput-module_input__1BlHi text-input_hds-text-input__input__GJm5C"
          id="barCode"
          readonly=""
          type="text"
          value="430123730001230560012400000000000000000100018714210302"
        />
      </div>
    </div>
    <button
      class="Button-module_button__1msFE button_hds-button__2A0je Button-module_secondary__1nABp button_hds-button--secondary__1NOWS barcode-button"
      data-testid="copy-to-clipboard"
      type="button"
    >
      <div
        aria-hidden="true"
        class="Button-module_icon__O-h7R button_hds-icon__17j8Z"
      >
        <svg
          class="Icon-module_icon__1Jtzj icon_hds-icon__1YqNC Icon-module_s__2WGWe icon_hds-icon--size-s__2Lkik"
          role="img"
          viewBox="0 0 24 24"
          xmlns="http://www.w3.org/2000/svg"
        >
          <g
            fill="none"
            fill-rule="evenodd"
          >
            <rect
              height="24"
              width="24"
            />
            <path
              d="M6,10 L6,12 L5,12 L5,18 L12,18 L12,17 L14,17 L14,19 C14,19.5522847 13.5522847,20 13,20 L4,20 C3.44771525,20 3,19.5522847 3,19 L3,11 C3,10.4477153 3.44771525,10 4,10 L6,10 Z M20,4 C20.5522847,4 21,4.44771525 21,5 L21,15 C21,15.5522847 20.5522847,16 20,16 L8,16 C7.44771525,16 7,15.5522847 7,15 L7,5 C7,4.44771525 7.44771525,4 8,4 L20,4 Z M19,6 L9,6 L9,14 L19,14 L19,6 Z"
              fill="currentColor"
            />
          </g>
        </svg>
      </div>
      <span
        class="Button-module_label__a4np1 button_hds-button__label__2EQa-"
      >
        Kopioi virtuaaliviivakoodi
      </span>
    </button>
  </div>
</div>
`;
