// Jest Snapshot v1, https://goo.gl/fbAQLP

exports[`Component matches snapshot 1`] = `
<div>
  <div
    class="summary-body"
  >
    <div
      class="summary-container"
      data-testid="parkingFineSummary"
    >
      <div
        class="info-field"
      >
        <label>
          Virheen ajankohta
        </label>
        <p>
          20.2.2023 klo 9:27 - 20.2.2023 klo 9:32
        </p>
      </div>
      <div
        class="info-field"
      >
        <label>
          Asianumero
        </label>
        <p>
          113148427
        </p>
      </div>
      <hr />
      <div
        class="info-field"
      >
        <label>
          Lähiosoite
        </label>
        <p>
          Bulevardi 15
        </p>
      </div>
      <div
        class="info-field"
      >
        <label>
          Lisätietoja
        </label>
        <p>
          Vastapäätä
        </p>
      </div>
      <hr />
      <div
        class="info-field"
      >
        <label>
          Virhe
        </label>
        <p>
          Pysäköinti ajosuunnan vastaisesti taajaman ulkopuolella. TLL 36 § 2 mom
        </p>
      </div>
      <div
        class="info-field"
      >
        <label>
          Lisätieto
        </label>
        <p>
          12 metriä
        </p>
      </div>
      <div
        class="info-field"
      >
        <label>
          Virhe
        </label>
        <p>
          Pysäköinti kiinteistölle johtavan ajotien kohdalle / siten, että ajoneuvoliikenne kiinteistölle tai sieltä pois on oleellisesti vaikeutunut. TLL 38 § 1 mom
        </p>
      </div>
      <div
        class="info-field"
      />
      <div
        class="info-field"
      >
        <label>
          Virhe
        </label>
        <p>
          Pysäköinti/Pysäyttäminen pysäkkialueelle. TLL 3 § 1 mom.,  75 §, Liikennemerkki E6
        </p>
      </div>
      <div
        class="info-field"
      >
        <label>
          Lisätieto
        </label>
        <p>
          Ajoratamaalauksesta n. 2,0 m
        </p>
      </div>
      <hr />
      <div
        class="wide-field"
      >
        <label>
          Pysäköintivirheen lisätiedot
        </label>
        <p>
          lunta maasssa
        </p>
      </div>
      <hr />
      <div
        class="info-field sum-field"
      >
        <label>
          Pysäköintivirhemaksun summa
        </label>
        <p>
          80,00 EUR
        </p>
      </div>
      <div
        class="info-field"
      >
        <label>
          Eräpäivä
        </label>
        <p>
          5.4.2023
        </p>
      </div>
      <hr />
      <div
        class="barcode-container wide-field"
      >
        <label
          class="barcode-label"
        >
          Virtuaaliviivakoodi
        </label>
        <p
          class="barcode"
        >
          490166030011987070000800000000000000113148427759230405
        </p>
        <button
          class="Button-module_button__1msFE button_hds-button__2A0je Button-module_secondary__1nABp button_hds-button--secondary__1NOWS barcode-button"
          data-testid="copy-to-clipboard"
          type="button"
        >
          <div
            aria-hidden="true"
            class="Button-module_icon__O-h7R button_hds-icon__17j8Z"
          >
            <svg
              aria-hidden="true"
              aria-label="copy"
              class="Icon-module_icon__1Jtzj icon_hds-icon__1YqNC Icon-module_s__2WGWe icon_hds-icon--size-s__2Lkik"
              role="img"
              viewBox="0 0 24 24"
              xmlns="http://www.w3.org/2000/svg"
            >
              <path
                clip-rule="evenodd"
                d="M6 10V12H5V18H12V17H14V19C14 19.5523 13.5523 20 13 20H4C3.44772 20 3 19.5523 3 19V11C3 10.4477 3.44772 10 4 10H6ZM20 4C20.5523 4 21 4.44772 21 5V15C21 15.5523 20.5523 16 20 16H8C7.44772 16 7 15.5523 7 15V5C7 4.44772 7.44772 4 8 4H20ZM19 6H9V14H19V6Z"
                fill="currentColor"
                fill-rule="evenodd"
              />
            </svg>
          </div>
          <span
            class="Button-module_label__a4np1 button_hds-button__label__2EQa-"
          >
            Kopioi virtuaaliviivakoodi
          </span>
        </button>
      </div>
    </div>
  </div>
</div>
`;
