// Vitest Snapshot v1, https://vitest.dev/guide/snapshot.html

exports[`Component > matches snapshot 1`] = `
<div>
  <h2
    class="rectification-summary-title"
  >
    Oikaisuvaatimuksen tiedot
  </h2>
  <div
    class="rectification-summary-container"
  >
    <div
      class="rectification-summary-details"
    >
      <div
        class="info-field"
        id="relation"
      >
        <label>
          Teen oikaisuvaatimuksen
        </label>
        <p>
          Ajoneuvon kuljettajana
        </p>
      </div>
      <div
        class="info-field"
        data-testid="name"
      >
        <label>
          Nimi
        </label>
        <p>
          Test User
        </p>
      </div>
      <div
        class="info-field"
        data-testid="ssn"
      >
        <label>
          Henkilötunnus
        </label>
        <p>
          123456-789A
        </p>
      </div>
      <div
        class="info-field"
        data-testid="rectification-address"
      >
        <label>
          Lähiosoite
        </label>
        <p>
          Elimäenkatu 5
        </p>
      </div>
      <div
        class="rectification-summary-subgrid"
      >
        <div
          class="info-field"
          data-testid="zipcode"
        >
          <label>
            Postinumero
          </label>
          <p>
            00100
          </p>
        </div>
        <div
          class="info-field"
          data-testid="city"
        >
          <label>
            Postitoimipaikka
          </label>
          <p>
            Helsinki
          </p>
        </div>
      </div>
      <div
        class="info-field"
        data-testid="email"
      >
        <label>
          Sähköpostiosoite
        </label>
        <p>
          test.user@test.fi
        </p>
      </div>
      <div
        class="info-field"
        data-testid="phone"
      >
        <label>
          Puhelinnumero
        </label>
        <p>
          +358401234567
        </p>
      </div>
      <div
        class="info-field"
        data-testid="IBAN"
      >
        <label>
          Pankkitilinumero (IBAN)
        </label>
        <p>
          FI9780001700903330
        </p>
      </div>
      <div
        class="info-field"
        data-testid="deliveryDecision"
      >
        <label>
          Haluan päätöksen
        </label>
        <p>
          Pysäköinnin asiointikansiooni
        </p>
      </div>
    </div>
    <div
      class="rectification-summary-contents"
    >
      <div
        class="rectification-summary-rectification-content"
      >
        <label
          class="_text-label_ccaf0b"
          for="rectification-content"
        >
          Oikaisuvaatimuksen sisältö
        </label>
        <p>
          Lorem ipsum dolor sit amet, consectetur adipiscing elit. Suspendisse bibendum condimentum mi, vitae efficitur mi vulputate at. Aliquam porttitor tincidunt ex non fermentum. Fusce consequat imperdiet augue ut pulvinar. Praesent sollicitudin nulla non lacus tristique, sed faucibus urna viverra. Nullam pretium velit lorem. Maecenas porttitor molestie.
        </p>
      </div>
      <div>
        <label
          class="_text-label_ccaf0b"
        >
          Liitetiedostot
        </label>
        <ul
          class="file-list"
        >
          <li
            class="file-list-item"
          >
            <svg
              aria-hidden="true"
              aria-label="photo"
              class="Icon-module_icon__1Jtzj icon_hds-icon__1YqNC Icon-module_s__2WGWe icon_hds-icon--size-s__2Lkik"
              role="img"
              viewBox="0 0 24 24"
              xmlns="http://www.w3.org/2000/svg"
            >
              <path
                clip-rule="evenodd"
                d="M20 2V22H4V2H20ZM16 15C15.1401 15 14.7159 15.2223 13.88 16.0363L13.7071 16.2071C12.4113 17.5029 11.5828 18 10 18C8.50049 18 7.67799 17.5539 6.49379 16.4051L6 15.92V20H18V15.922L17.958 15.8813C17.2256 15.1936 16.8025 15 16 15ZM18 4H6L6.00114 13.4397C6.50287 13.6831 6.92886 14.0298 7.51078 14.5986L7.70711 14.7929C8.6613 15.7471 9.08282 16 10 16C10.8599 16 11.2841 15.7777 12.12 14.9637L12.2929 14.7929C13.5887 13.4971 14.4172 13 16 13C16.8098 13 17.4222 13.1301 18.0007 13.4308L18 4ZM10 6C11.6569 6 13 7.34315 13 9C13 10.6569 11.6569 12 10 12C8.34315 12 7 10.6569 7 9C7 7.34315 8.34315 6 10 6ZM10 8C9.44772 8 9 8.44772 9 9C9 9.55228 9.44772 10 10 10C10.5523 10 11 9.55228 11 9C11 8.44772 10.5523 8 10 8Z"
                fill="currentColor"
                fill-rule="evenodd"
              />
            </svg>
            <div
              class="file-list-item-title"
            >
              <span
                class="file-list-item-name"
              >
                test2.jpg
              </span>
              0
            </div>
          </li>
        </ul>
      </div>
      <div>
        <label
          class="_text-label_ccaf0b"
        >
          Valtakirja
        </label>
        <div
          class="file-list-item"
        >
          <svg
            aria-hidden="true"
            aria-label="document"
            class="Icon-module_icon__1Jtzj icon_hds-icon__1YqNC Icon-module_s__2WGWe icon_hds-icon--size-s__2Lkik"
            role="img"
            viewBox="0 0 24 24"
            xmlns="http://www.w3.org/2000/svg"
          >
            <path
              clip-rule="evenodd"
              d="M15 2L20 7V22H4V2H15ZM14 4V8H18L14 4ZM14.0083 4L18 8V20H6V4H14.0083ZM17 16H7V18H17V16ZM17 12H7V14H17V12ZM13 8H7V10H13V8Z"
              fill="currentColor"
              fill-rule="evenodd"
            />
          </svg>
          <div
            class="file-list-item-title"
          >
            <span
              class="file-list-item-name"
            >
              test.pdf
            </span>
            0
          </div>
        </div>
      </div>
    </div>
  </div>
  <div
    class="hide-on-print"
  >
    <div
      class="custom-accordion-container"
    >
      <button
        class="Button-module_button__1msFE button_hds-button__2A0je Button-module_supplementary__3YKiS button_hds-button--supplementary__GcHcV custom-accordion custom-accordion-header"
        type="button"
      >
        <span
          class="Button-module_label__a4np1 button_hds-button__label__2EQa-"
        >
          Pysäköintivirhemaksun tiedot
        </span>
        <div
          aria-hidden="true"
          class="Button-module_icon__O-h7R button_hds-icon__17j8Z"
        >
          <svg
            aria-hidden="true"
            aria-label="angle-down"
            class="Icon-module_icon__1Jtzj icon_hds-icon__1YqNC Icon-module_xl__1M6cO icon_hds-icon--size-xl__1Jes8"
            role="img"
            viewBox="0 0 24 24"
            xmlns="http://www.w3.org/2000/svg"
          >
            <path
              clip-rule="evenodd"
              d="M12 13.5L17 8.5L18.5 10L12 16.5L5.5 10L7 8.5L12 13.5Z"
              fill="currentColor"
              fill-rule="evenodd"
            />
          </svg>
        </div>
      </button>
    </div>
  </div>
  <div
    aria-hidden="true"
    class="show-on-print"
  >
    <h2
      aria-hidden="true"
      class="show-on-print"
    >
      Pysäköintivirhemaksun tiedot
    </h2>
    <section
      aria-label="Notification"
      class="Notification-module_notification__2hN3H notification_hds-notification__2DQPN Notification-module_error__2sn9y notification_hds-notification--error__3T1Of"
    >
      <div
        class="Notification-module_content__ZZKvE notification_hds-notification__content__5ylSS"
      >
        <div
          aria-level="2"
          class="Notification-module_label__1bhNu notification_hds-notification__label__2t1lR"
          role="heading"
        >
          <svg
            aria-hidden="true"
            aria-label="error-fill"
            class="Icon-module_icon__1Jtzj icon_hds-icon__1YqNC Icon-module_s__2WGWe icon_hds-icon--size-s__2Lkik Notification-module_icon__1ans7 notification_hds-icon__29HQM"
            role="img"
            viewBox="0 0 24 24"
            xmlns="http://www.w3.org/2000/svg"
          >
            <path
              clip-rule="evenodd"
              d="M11.175 3.45608C11.5239 2.86969 12.3977 2.84875 12.7842 3.39325L12.825 3.45608L21.8771 18.6666C22.2202 19.2432 21.8055 19.951 21.1235 19.9976L21.052 20H2.94799C2.24813 20 1.7987 19.3114 2.09013 18.7267L2.12295 18.6666L11.175 3.45608ZM13 16V18H11V16H13ZM13 8.5V14.5H11V8.5H13Z"
              fill="currentColor"
              fill-rule="evenodd"
            />
          </svg>
          Pysäköintivirhemaksun tietoja ei löytynyt
        </div>
        <div
          class="Notification-module_body__9BSAD notification_hds-notification__body__3cobH"
        >
          Tähän oikaisuvaatimukseen liittyvän pysäköintivirhemaksun tietoja ei löytynyt. Ole tarvittaessa yhteydessä asiakaspalveluun.
        </div>
      </div>
    </section>
  </div>
</div>
`;
